[www.sweetvanillabakeshop.com/index.html]
[www.sweetvanillabakeshop.com/gdpr/gdprscripte645.js]
[backblue.gif]
[fade.gif]
[index.html]
[cdn2.editmysite.com/css/sitesf990.css]
[cdn2.editmysite.com/css/old/fancyboxda82.css]
[cdn2.editmysite.com/css/social-icons6039.css]
[www.sweetvanillabakeshop.com/files/main_stylec781.css]
[www.sweetvanillabakeshop.com/uploads/1/3/5/7/13570943/background-images/1960515146.jpg]
[www.sweetvanillabakeshop.com/files/templateArtifactsc781.js]
[ajax.googleapis.com/ajax/libs/jquery/1.8.3/jquery.min.js]
[cdn2.editmysite.com/js/lang/en/stlf027.js]
[cdn2.editmysite.com/js/site/mainf990.js]
[www.google.com/recaptcha/api.js]
[www.sweetvanillabakeshop.com/about.html]
[www.sweetvanillabakeshop.com/faq.html]
[www.sweetvanillabakeshop.com/pricing.html]
[www.sweetvanillabakeshop.com/menu.html]
[www.sweetvanillabakeshop.com/reviews.html]
[www.sweetvanillabakeshop.com/cakes.html]
[www.sweetvanillabakeshop.com/childrens-cake.html]
[www.sweetvanillabakeshop.com/special-occasion.html]
[www.sweetvanillabakeshop.com/wedding--bridal-shower-cakes.html]
[www.sweetvanillabakeshop.com/buttercream-cakes.html]
[www.sweetvanillabakeshop.com/sweet-treats.html]
[www.sweetvanillabakeshop.com/contact.html]
[www.sweetvanillabakeshop.com/uploads/1/3/5/7/13570943/published/sweetvanillafinal-copy_46cc9.jpg]
[www.sweetvanillabakeshop.com/uploads/1/3/5/7/13570943/p457_orig.png]
[www.sweetvanillabakeshop.com/uploads/1/3/5/7/13570943/p457.png]
[www.sweetvanillabakeshop.com/uploads/1/3/5/7/13570943/p456_orig.png]
[www.sweetvanillabakeshop.com/uploads/1/3/5/7/13570943/p456.png]
[www.sweetvanillabakeshop.com/uploads/1/3/5/7/13570943/p458_orig.png]
[www.sweetvanillabakeshop.com/uploads/1/3/5/7/13570943/p458.png]
[www.sweetvanillabakeshop.com/files/theme/plugins7c58.js]
[www.sweetvanillabakeshop.com/files/theme/custom7c58.js]
[www.sweetvanillabakeshop.com/files/theme/mobile7c58.js]
[cdn2.editmysite.com/js/site/main-customer-accounts-sitef990.js]
[cdn2.editmysite.com/js/wsnbn/snowday262.js]
[www.sweetvanillabakeshop.com/index.html]
[cdn2.editmysite.com/images/util/videojs/white-bar.png]
[cdn2.editmysite.com/images/util/videojs/@2x/white-bar.png]
[cdn2.editmysite.com/images/util/videojs/gradient.png]
[cdn2.editmysite.com/images/util/videojs/@2x/gradient.png]
[cdn2.editmysite.com/sprites/util/videojs-sacae758aa2.png]
[cdn2.editmysite.com/sprites/util/videojs/@2x-s2aff7e7d9a.png]
[cdn2.editmysite.com/images/util/videojs/volume-filled.png]
[cdn2.editmysite.com/images/util/videojs/@2x/volume-filled.png]
[cdn2.editmysite.com/images/util/videojs/volume-mute.png]
[cdn2.editmysite.com/images/util/videojs/@2x/volume-mute.png]
[cdn2.editmysite.com/images/util/videojs/blue-bar.png]
[cdn2.editmysite.com/images/util/videojs/@2x/blue-bar.png]
[cdn2.editmysite.com/images/util/videojs/maximize-icon.png]
[cdn2.editmysite.com/images/util/videojs/@2x/maximize-icon.png]
[cdn2.editmysite.com/images/util/videojs/minimize-icon.png]
[cdn2.editmysite.com/images/util/videojs/@2x/minimize-icon.png]
[cdn2.editmysite.com/images/util/videojs/play-icon.png]
[cdn2.editmysite.com/images/util/videojs/@2x/play-icon.png]
[cdn2.editmysite.com/images/util/videojs/sad-face.png]
[cdn2.editmysite.com/images/util/videojs/@2x/sad-face.png]
[cdn2.editmysite.com/images/util/videojs/loading-icon.png]
[cdn2.editmysite.com/images/util/videojs/@2x/loading-icon.png]
[cdn2.editmysite.com/images/common/buttons/small_grey.png]
[cdn2.editmysite.com/images/common/buttons/small_blue.png]
[cdn2.editmysite.com/images/old/button/large_grey.png]
[cdn2.editmysite.com/images/common/buttons/large_blue.png]
[cdn2.editmysite.com/images/common/search-light.png]
[cdn2.editmysite.com/images/common/social_icons.png]
[cdn2.editmysite.com/images/common/blog/blog-comment-button.png]
[cdn2.editmysite.com/images/common/blog/blog-comment-header.png]
[cdn2.editmysite.com/images/common/blog/blog-comment-pointer.png]
[cdn2.editmysite.com/images/common/blog/blog-comment-link.png]
[cdn2.editmysite.com/images/common/blog/blog-comment-header-author.png]
[cdn2.editmysite.com/images/common/blog/blog-comment-pointer-author.png]
[cdn2.editmysite.com/images/common/blog/blog-comment-field-bg.png]
[cdn2.editmysite.com/images/common/blog/dark-blog-comment-header.png]
[cdn2.editmysite.com/images/common/blog/dark-blog-comment-pointer.png]
[cdn2.editmysite.com/images/common/blog/dark-blog-comment-header-author.png]
[cdn2.editmysite.com/images/common/blog/dark-blog-comment-pointer-author.png]
[cdn2.editmysite.com/images/common/blog/dark-blog-comment-link.png]
[cdn2.editmysite.com/images/util/general/blank.gif]
[cdn2.editmysite.com/images/common/lightbox/prevlabel.gif]
[cdn2.editmysite.com/images/common/lightbox/nextlabel.gif]
[cdn2.editmysite.com/sprites/util/inputs/checkmarkBox-s7868418152.png]
[cdn2.editmysite.com/sprites/util/inputs/checkmarkBox/@2x-s211a47d318.png]
[cdn2.editmysite.com/images/util/inputs/search-input-bg.jpg]
[cdn2.editmysite.com/images/common/magnifying-glass.png]
[cdn2.editmysite.com/images/common/checkmarks/checkmark-mini.png]
[cdn2.editmysite.com/images/common/checkmarks/@2x/checkmark-mini.png]
[cdn2.editmysite.com/images/common/search-pagination-bg.png]
[cdn2.editmysite.com/images/util/general/top-triangle-000.png]
[cdn2.editmysite.com/images/util/general/bottom-triangle-000.png]
[cdn2.editmysite.com/images/util/general/top-triangle-000@2x.png]
[cdn2.editmysite.com/images/util/general/bottom-triangle-000@2x.png]
[cdn2.editmysite.com/sprites/common/social-icons-s5ea5500bdb.png]
[cdn2.editmysite.com/sprites/common/social-icons/@2x-s0ae7d70c70.png]
[cdn2.editmysite.com/sprites/site/mini-cart-s86c48effae.png]
[cdn2.editmysite.com/sprites/site/mini-cart/@2x-s576cbc3f90.png]
[cdn2.editmysite.com/images/loading.gif]
[cdn2.editmysite.com/sprites/site/mobile/commerce-sdf6d4e852c.png]
[cdn2.editmysite.com/sprites/site/mobile/commerce/@2x-s82f968c453.png]
[cdn2.editmysite.com/images/site/checkout/paypal.png]
[cdn2.editmysite.com/images/site/checkout/@2x/paypal.png]
[cdn2.editmysite.com/images/site/checkout/credit-cards.png]
[cdn2.editmysite.com/images/site/checkout/@2x/credit-cards.png]
[cdn2.editmysite.com/images/site/checkout/print.png]
[cdn2.editmysite.com/images/site/checkout/print@2x.png]
[cdn2.editmysite.com/images/vendor/select2/select2.png]
[cdn2.editmysite.com/images/vendor/select2/select2-spinner.gif]
[cdn2.editmysite.com/images/vendor/select2/select2x2.png]
[cdn2.editmysite.com/images/util/spinner/spinner-dark.png]
[cdn2.editmysite.com/images/util/spinner/spinner-light.png]
[cdn2.editmysite.com/images/util/loading-white-w24.gif]
[cdn2.editmysite.com/images/common/form_input_bg.gif]
[cdn2.editmysite.com/sprites/site/forms-s3786257308.png]
[cdn2.editmysite.com/sprites/site/forms/@2x-s47607b315a.png]
[cdn2.editmysite.com/images/blank.gif]
[cdn2.editmysite.com/images/old/photoswipe/loader.gif]
[cdn2.editmysite.com/images/old/photoswipe/error.gif]
[cdn2.editmysite.com/images/old/photoswipe/icons.png]
[cdn2.editmysite.com/images/old/photoswipe/icons@2x.png]
[cdn2.editmysite.com/css/sitesf990.css]
[cdn2.editmysite.com/images/old/fancybox/fancybox_sprite.png]
[cdn2.editmysite.com/images/old/fancybox/fancybox_loading.gif]
[cdn2.editmysite.com/images/old/fancybox/blank.gif]
[cdn2.editmysite.com/images/old/fancybox/fancybox_overlay.png]
[cdn2.editmysite.com/css/old/fancyboxda82.css]
[cdn2.editmysite.com/css/social-icons6039.css]
[www.sweetvanillabakeshop.com/files/theme/images/default_headerc781.jpg]
[www.sweetvanillabakeshop.com/files/theme/images/downarrowc781.png]
[www.sweetvanillabakeshop.com/files/theme/images/default_iconsc781.png]
[www.sweetvanillabakeshop.com/files/theme/images/teal_iconsc781.png]
[www.sweetvanillabakeshop.com/files/main_stylec781.css]
[www.sweetvanillabakeshop.com/files/templateArtifactsc781.js]
[cdn2.editmysite.com/js/lang/en/stlf027.js]
[cdn2.editmysite.com/js/site/mainf990.js]
[www.sweetvanillabakeshop.com/uploads/1/3/5/7/13570943/background-images/1366250879.jpg]
[www.sweetvanillabakeshop.com/uploads/1/3/5/7/13570943/published/sweetvanillafinal-copy_5da93.jpg]
[www.sweetvanillabakeshop.com/about.html]
[www.sweetvanillabakeshop.com/uploads/1/3/5/7/13570943/editor/sweetvanillafinal-copy_6.jpg]
[www.sweetvanillabakeshop.com/uploads/1/3/5/7/13570943/editor/tasting-box149e.jpg]
[www.sweetvanillabakeshop.com/faq.html]
[www.sweetvanillabakeshop.com/pricingmobile.html]
[www.sweetvanillabakeshop.com/uploads/1/3/5/7/13570943/editor/sweetvanillafinal-copy_7cf0c.jpg]
[www.sweetvanillabakeshop.com/uploads/1/3/5/7/13570943/6995584_orig.jpg]
[www.sweetvanillabakeshop.com/uploads/1/3/5/7/13570943/6995584.jpg]
[www.sweetvanillabakeshop.com/uploads/1/3/5/7/13570943/editor/p365b012.png]
[www.sweetvanillabakeshop.com/uploads/1/3/5/7/13570943/p370.png]
[www.sweetvanillabakeshop.com/uploads/1/3/5/7/13570943/1461667495.png]
[www.sweetvanillabakeshop.com/uploads/1/3/5/7/13570943/editor/rainbow-macaronsf2af.jpg]
[www.sweetvanillabakeshop.com/uploads/1/3/5/7/13570943/published/img-6553-2f129.jpg]
[www.sweetvanillabakeshop.com/pricing.html]
[www.sweetvanillabakeshop.com/uploads/1/3/5/7/13570943/editor/sweetvanillafinal-copy_9.jpg]
[www.sweetvanillabakeshop.com/menu.html]
[www.sweetvanillabakeshop.com/uploads/1/3/5/7/13570943/editor/sweetvanillafinal-copy_10.jpg]
[www.sweetvanillabakeshop.com/reviews.html]
[s3-media1.fl.yelpcdn.com/assets/srv0/embedded_review_pages/0c5ef0f8fd44/assets/vendor/widgets.js]
[www.sweetvanillabakeshop.com/uploads/1/3/5/7/13570943/editor/sweetvanillafinal-copy_11.jpg]
[www.sweetvanillabakeshop.com/uploads/1/3/5/7/13570943/p251_orig.png]
[www.sweetvanillabakeshop.com/uploads/1/3/5/7/13570943/fullsizerender-8_orig.jpg]
[www.sweetvanillabakeshop.com/uploads/1/3/5/7/13570943/p278_orig.png]
[www.sweetvanillabakeshop.com/uploads/1/3/5/7/13570943/p278.png]
[www.sweetvanillabakeshop.com/cakes.html]
[cdn2.editmysite.com/css/old/slideshow/slideshowda82.css]
[cdn2.editmysite.com/js/old/slideshow-jqf990.js]
[www.sweetvanillabakeshop.com/uploads/1/3/5/7/13570943/editor/sweetvanillafinal-copy_12.jpg]
[www.sweetvanillabakeshop.com/childrens-cake.html]
[www.sweetvanillabakeshop.com/uploads/1/3/5/7/13570943/editor/sweetvanillafinal-copy_13.jpg]
[www.sweetvanillabakeshop.com/special-occasion.html]
[www.sweetvanillabakeshop.com/uploads/1/3/5/7/13570943/editor/sweetvanillafinal-copy_14.jpg]
[www.sweetvanillabakeshop.com/wedding--bridal-shower-cakes.html]
[www.sweetvanillabakeshop.com/uploads/1/3/5/7/13570943/editor/sweetvanillafinal-copy_15.jpg]
[www.sweetvanillabakeshop.com/buttercream-cakes.html]
[www.sweetvanillabakeshop.com/uploads/1/3/5/7/13570943/editor/sweetvanillafinal-copy_16.jpg]
[www.sweetvanillabakeshop.com/sweet-treats.html]
[www.sweetvanillabakeshop.com/uploads/1/3/5/7/13570943/editor/sweetvanillafinal-copy_17.jpg]
[www.sweetvanillabakeshop.com/contact.html]
[cdn2.editmysite.com/js/site/main-customer-accounts-sitef990.js]
[cdn2.editmysite.com/js/wsnbn/snowday262.js]
[www.sweetvanillabakeshop.com/r.html]
[www.sweetvanillabakeshop.com/mustache.html]
[www.sweetvanillabakeshop.com/GET.html]
[www.sweetvanillabakeshop.com/formSubmit.html]
[www.sweetvanillabakeshop.com/formSubmitAjax.html]
[www.sweetvanillabakeshop.com/weebly/libraries/videojs/video-js.html]
[www.sweetvanillabakeshop.com/AppleWebKit/index.html]
[www.sweetvanillabakeshop.com/Mobile/index.html]
[www.sweetvanillabakeshop.com/uploads/1/3/5/7/13570943/editor/sweetvanillafinal-copy_8.jpg]
[www.sweetvanillabakeshop.com/uploads/1/3/5/7/13570943/6995584_2.jpg]
[www.sweetvanillabakeshop.com/uploads/1/3/5/7/13570943/editor/6995584_2.jpg]
[www.sweetvanillabakeshop.com/uploads/1/3/5/7/13570943/published/p365_1.png]
[www.sweetvanillabakeshop.com/uploads/1/3/5/7/13570943/published/p370_1.png]
[www.sweetvanillabakeshop.com/uploads/1/3/5/7/13570943/1461667495_2.png]
[www.sweetvanillabakeshop.com/uploads/1/3/5/7/13570943/published/p1214ed7.jpg]
[www.sweetvanillabakeshop.com/uploads/1/3/5/7/13570943/editor/p1220b5f.png]
[www.sweetvanillabakeshop.com/pricingmobile.html]
[cdn2.editmysite.com/images/old/slideshow/control_icons.gif]
[cdn2.editmysite.com/images/old/slideshow/header_slideshow_sprites.png]
[cdn2.editmysite.com/images/old/loading.gif]
[cdn2.editmysite.com/images/old/slideshow/header_slideshow_sprites1x.png]
[cdn2.editmysite.com/css/old/slideshow/slideshowda82.css]
[cdn2.editmysite.com/js/old/slideshow-jqf990.js]
[www.sweetvanillabakeshop.com/ecommerce.html]
[www.sweetvanillabakeshop.com/data functions should return an object_.html]
[www.sweetvanillabakeshop.com/edge/index.html]
[www.sweetvanillabakeshop.com/You are running Vue in development mode.html]
[www.sweetvanillabakeshop.com/store/account/index.html]
[www.sweetvanillabakeshop.com/images/customer-accounts/arrow-left.html]
[www.sweetvanillabakeshop.com/images/customer-accounts/check.html]
[www.sweetvanillabakeshop.com/images/customer-accounts/close-icon.html]
[www.sweetvanillabakeshop.com/dist/index.html]
[www.sweetvanillabakeshop.com/ABCDEFGHIJKLMNOPQRSTUVWXYZabcdefghijklmnopqrstuvwxyz0123456789+/index.html]
[www.sweetvanillabakeshop.com/payload.html]
[www.sweetvanillabakeshop.com/POST.html]
